exports[`GameScreen renders correctly 1`] = `
<View
  style={
    Object {
      "flex": 1,
      "padding": 15,
    }
  }>
  <Text
    accessible={true}
    allowFontScaling={true}
    ellipsizeMode="tail">
    Game Screen
  </Text>
  <View
    style={
      Object {
        "backgroundColor": "skyblue",
        "flex": 0.2,
        "flexDirection": "row",
        "justifyContent": "space-between",
      }
    }>
    <View
      style={
        Object {
          "alignItems": "center",
          "backgroundColor": "pink",
          "flex": 0.6,
          "flexDirection": "column",
          "justifyContent": "center",
        }
      }>
      <Text
        accessible={true}
        allowFontScaling={true}
        ellipsizeMode="tail">
        0
      </Text>
    </View>
    <View
      style={
        Object {
          "alignItems": "center",
          "flex": 0.4,
          "flexDirection": "column",
          "justifyContent": "center",
        }
      }>
      <Text
        accessible={true}
        allowFontScaling={true}
        ellipsizeMode="tail">
        1
      </Text>
    </View>
  </View>
  <View
    style={
      Object {
        "flex": 1,
      }
    }>
    <Text
      accessible={true}
      allowFontScaling={true}
      ellipsizeMode="tail">
      GameBoard
    </Text>
  </View>
</View>
`;
