// Jest Snapshot v1, https://goo.gl/fbAQLP

exports[`NextNumber renders correctly 1`] = `
<View
  style={
    Object {
      "alignItems": "center",
      "flex": 0.4,
      "flexDirection": "column",
      "justifyContent": "center",
    }
  }
>
  <Text
    accessible={true}
    allowFontScaling={true}
    ellipsizeMode="tail"
  >
    1
  </Text>
</View>
`;
