exports[`NumberButton renders correctly 1`] = `
<View
  style={
    Object {
      "alignItems": "center",
      "borderColor": "white",
      "borderWidth": 1,
      "flex": 0,
      "flexDirection": "column",
      "height": 70,
      "justifyContent": "center",
      "width": 70,
    }
  }>
  <Text
    accessible={true}
    allowFontScaling={true}
    ellipsizeMode="tail"
    style={
      Object {
        "fontSize": 24,
        "fontWeight": "bold",
      }
    } />
</View>
`;
